[{"status":"completed","eId":"hello-world","uri":"/redacted/sol/5293886266024550457","name":"Hello World","core":true},{"status":"completed","eId":"two-fer","uri":"/redacted/sol/-8468070522791936219","name":"Two Fer","core":true},{"status":"completed","eId":"hamming","uri":"/redacted/sol/2883874329150634527","name":"Hamming","core":true},{"status":"completed","eId":"gigasecond","uri":"/redacted/sol/-1553368855327132798","name":"Gigasecond","core":true},{"status":"completed","eId":"scrabble-score","uri":"/redacted/sol/8591707180048098839","name":"Scrabble Score","core":true},{"status":"completed","eId":"matrix","uri":"/redacted/sol/-3969011179668081420","name":"Matrix","core":true},{"status":"completed","eId":"difference-of-squares","uri":"/redacted/sol/-5196802703693200505","name":"Difference Of Squares","core":true},{"status":"completed","eId":"secret-handshake","uri":"/redacted/sol/-6198751718353503943","name":"Secret Handshake","core":true},{"status":"completed","eId":"triangle","uri":"/redacted/sol/1249115507533414691","name":"Triangle","core":true},{"status":"completed","eId":"saddle-points","uri":"/redacted/sol/-644727864646163623","name":"Saddle Points","core":true},{"status":"completed","eId":"flatten-array","uri":"/redacted/sol/1113815941232308579","name":"Flatten Array","core":true},{"status":"completed","eId":"word-count","uri":"/redacted/sol/4714808522804193740","name":"Word Count","core":true},{"status":"completed","eId":"robot-name","uri":"/redacted/sol/5254402617755332526","name":"Robot Name","core":true},{"status":"in-progress","eId":"rotational-cipher","uri":"/redacted/sol/6695825403667804309","name":"Rotational Cipher","core":true},{"status":"locked","eId":"bank-account","uri":null,"name":"Bank Account","core":true},{"status":"locked","eId":"linked-list","uri":null,"name":"Linked List","core":true},{"status":"locked","eId":"binary-search","uri":null,"name":"Binary Search","core":true},{"status":"completed","eId":"largest-series-product","uri":"/redacted/sol/5377851112902280284","name":"Largest Series Product","core":false},{"status":"completed","eId":"pig-latin","uri":"/redacted/sol/3666299628203390804","name":"Pig Latin","core":false},{"status":"completed","eId":"beer-song","uri":"/redacted/sol/-6030400971014057113","name":"Beer Song","core":false},{"status":"completed","eId":"dominoes","uri":"/redacted/sol/-1792949615425007238","name":"Dominoes","core":false},{"status":"mentoring-requested","eId":"forth","uri":"/redacted/sol/8074483857402079717","name":"Forth","core":false},{"status":"approved","eId":"nth-prime","uri":"/redacted/sol/-4987938521383319615","name":"Nth Prime","core":false},{"status":"in-progress","eId":"diamond","uri":"/redacted/sol/6470823501135684937","name":"Diamond","core":false},{"status":"in-progress","eId":"matching-brackets","uri":"/redacted/sol/-3078124101104555780","name":"Matching Brackets","core":false},{"status":"in-progress","eId":"isbn-verifier","uri":"/redacted/sol/3115754328302750262","name":"ISBN Verifier","core":false},{"status":"mentoring-requested","eId":"minesweeper","uri":"/redacted/sol/-5811118023687478848","name":"Minesweeper","core":false},{"status":"in-progress","eId":"complex-numbers","uri":"/redacted/sol/-4052879362127807307","name":"Complex Numbers","core":false},{"status":"in-progress","eId":"change","uri":"/redacted/sol/6185774645885970177","name":"Change","core":false},{"status":"unlocked","eId":"resistor-color","uri":"/redacted/sol/-3585870518983695649","name":"Resistor Color","core":false},{"status":"unlocked","eId":"resistor-color-duo","uri":"/redacted/sol/-6847100269876716127","name":"Resistor Color Duo","core":false},{"status":"unlocked","eId":"resistor-color-trio","uri":"/redacted/sol/-7755361627762758266","name":"Resistor Color Trio","core":false},{"status":"unlocked","eId":"transpose","uri":"/redacted/sol/6251755410481718057","name":"Transpose","core":false},{"status":"unlocked","eId":"leap","uri":"/redacted/sol/-4074773446588717112","name":"Leap","core":false},{"status":"unlocked","eId":"rna-transcription","uri":"/redacted/sol/-4850874662359179734","name":"RNA Transcription","core":false},{"status":"unlocked","eId":"pangram","uri":"/redacted/sol/-2504837132038867395","name":"Pangram","core":false},{"status":"unlocked","eId":"custom-set","uri":"/redacted/sol/-4020681298873476372","name":"Custom Set","core":false},{"status":"unlocked","eId":"space-age","uri":"/redacted/sol/-8731231777879237728","name":"Space Age","core":false},{"status":"unlocked","eId":"acronym","uri":"/redacted/sol/8063588316853602878","name":"Acronym","core":false},{"status":"unlocked","eId":"run-length-encoding","uri":"/redacted/sol/-5803507181507297931","name":"Run Length Encoding","core":false},{"status":"unlocked","eId":"wordy","uri":"/redacted/sol/3665770255598362588","name":"Wordy","core":false},{"status":"unlocked","eId":"scale-generator","uri":"/redacted/sol/-837611363817512468","name":"Scale Generator","core":false},{"status":"unlocked","eId":"crypto-square","uri":"/redacted/sol/931367941606461157","name":"Crypto Square","core":false},{"status":"unlocked","eId":"raindrops","uri":"/redacted/sol/3727742679751217345","name":"Raindrops","core":false},{"status":"unlocked","eId":"yacht","uri":"/redacted/sol/-5206347892335162682","name":"Yacht","core":false},{"status":"unlocked","eId":"perfect-numbers","uri":"/redacted/sol/-8727594538970762167","name":"Perfect Numbers","core":false},{"status":"unlocked","eId":"sum-of-multiples","uri":"/redacted/sol/-671465833605224806","name":"Sum Of Multiples","core":false},{"status":"unlocked","eId":"luhn","uri":"/redacted/sol/2449317791921247772","name":"Luhn","core":false},{"status":"unlocked","eId":"grains","uri":"/redacted/sol/980116953498950669","name":"Grains","core":false},{"status":"unlocked","eId":"sieve","uri":"/redacted/sol/-664391871639204346","name":"Sieve","core":false},{"status":"unlocked","eId":"kindergarten-garden","uri":"/redacted/sol/-8214499978819845172","name":"Kindergarten Garden","core":false},{"status":"unlocked","eId":"collatz-conjecture","uri":"/redacted/sol/1361518224613617587","name":"Collatz Conjecture","core":false},{"status":"unlocked","eId":"isogram","uri":"/redacted/sol/4679188702903799201","name":"Isogram","core":false},{"status":"unlocked","eId":"phone-number","uri":"/redacted/sol/-896233635513450916","name":"Phone Number","core":false},{"status":"unlocked","eId":"nucleotide-count","uri":"/redacted/sol/673187429510277945","name":"Nucleotide Count","core":false},{"status":"unlocked","eId":"spiral-matrix","uri":"/redacted/sol/-2755826874248170224","name":"Spiral Matrix","core":false},{"status":"unlocked","eId":"prime-factors","uri":"/redacted/sol/-3566121740237442919","name":"Prime Factors","core":false},{"status":"unlocked","eId":"allergies","uri":"/redacted/sol/-8596391509973778911","name":"Allergies","core":false},{"status":"unlocked","eId":"bob","uri":"/redacted/sol/-8366298469105299207","name":"Bob","core":false},{"status":"unlocked","eId":"pascals-triangle","uri":"/redacted/sol/-4223465430583125008","name":"Pascal's Triangle","core":false},{"status":"unlocked","eId":"series","uri":"/redacted/sol/7887420328009071936","name":"Series","core":false},{"status":"unlocked","eId":"armstrong-numbers","uri":"/redacted/sol/-7949955897619356964","name":"Armstrong Numbers","core":false},{"status":"unlocked","eId":"roman-numerals","uri":"/redacted/sol/-761621411783601075","name":"Roman Numerals","core":false},{"status":"unlocked","eId":"etl","uri":"/redacted/sol/4858003008062685858","name":"ETL","core":false},{"status":"unlocked","eId":"grade-school","uri":"/redacted/sol/-3094686624992659673","name":"Grade School","core":false},{"status":"unlocked","eId":"robot-simulator","uri":"/redacted/sol/3286663582903371964","name":"Robot Simulator","core":false},{"status":"unlocked","eId":"binary-search-tree","uri":"/redacted/sol/7468896131269216759","name":"Binary Search Tree","core":false},{"status":"unlocked","eId":"all-your-base","uri":"/redacted/sol/5685455221205797481","name":"All Your Base","core":false},{"status":"unlocked","eId":"anagram","uri":"/redacted/sol/682929677992562128","name":"Anagram","core":false},{"status":"unlocked","eId":"meetup","uri":"/redacted/sol/6998840064293626127","name":"Meetup","core":false},{"status":"unlocked","eId":"clock","uri":"/redacted/sol/-124403142267578677","name":"Clock","core":false},{"status":"unlocked","eId":"reverse-string","uri":"/my/solutions?exercise_id=reverse-string&track_id=kotlin","name":"Reverse String","core":false},{"status":"unlocked","eId":"dnd-character","uri":"/my/solutions?exercise_id=dnd-character&track_id=kotlin","name":"D&D Character","core":false},{"status":"unlocked","eId":"darts","uri":"/my/solutions?exercise_id=darts&track_id=kotlin","name":"Darts","core":false},{"status":"locked","eId":"atbash-cipher","uri":null,"name":"Atbash Cipher","core":false},{"status":"locked","eId":"affine-cipher","uri":null,"name":"Affine Cipher","core":false},{"status":"locked","eId":"rail-fence-cipher","uri":null,"name":"Rail Fence Cipher","core":false},{"status":"locked","eId":"say","uri":null,"name":"Say","core":false},{"status":"locked","eId":"zebra-puzzle","uri":null,"name":"Zebra Puzzle","core":false},{"status":"locked","eId":"sublist","uri":null,"name":"Sublist","core":false},{"status":"locked","eId":"list-ops","uri":null,"name":"List Ops","core":false},{"status":"locked","eId":"diffie-hellman","uri":null,"name":"Diffie Hellman","core":false},{"status":"locked","eId":"simple-cipher","uri":null,"name":"Simple Cipher","core":false},{"status":"locked","eId":"react","uri":null,"name":"React","core":false}]