[{"status":"completed","eId":"hello-world","uri":"/redacted/sol/4749094687807742271","name":"Hello World","core":true},{"status":"completed","eId":"two-fer","uri":"/redacted/sol/-4870804245730350766","name":"Two Fer","core":true},{"status":"completed","eId":"hamming","uri":"/redacted/sol/255917673755396992","name":"Hamming","core":true},{"status":"completed","eId":"raindrops","uri":"/redacted/sol/-9023563281836003297","name":"Raindrops","core":true},{"status":"completed","eId":"scrabble-score","uri":"/redacted/sol/3847833878392352491","name":"Scrabble Score","core":true},{"status":"completed","eId":"isogram","uri":"/redacted/sol/-8469799773420084799","name":"Isogram","core":true},{"status":"completed","eId":"difference-of-squares","uri":"/redacted/sol/-7096429937490877330","name":"Difference Of Squares","core":true},{"status":"completed","eId":"luhn","uri":"/redacted/sol/-5384950610256907966","name":"Luhn","core":true},{"status":"completed","eId":"grains","uri":"/redacted/sol/8489885649155875328","name":"Grains","core":true},{"status":"completed","eId":"clock","uri":"/redacted/sol/3726511379453990447","name":"Clock","core":true},{"status":"completed","eId":"parallel-letter-frequency","uri":"/redacted/sol/-4166355626101880976","name":"Parallel Letter Frequency","core":true},{"status":"in-progress","eId":"tree-building","uri":"/redacted/sol/4823571051963628846","name":"Tree Building","core":true},{"status":"locked","eId":"robot-name","uri":null,"name":"Robot Name","core":true},{"status":"locked","eId":"tournament","uri":null,"name":"Tournament","core":true},{"status":"locked","eId":"twelve-days","uri":null,"name":"Twelve Days","core":true},{"status":"locked","eId":"matrix","uri":null,"name":"Matrix","core":true},{"status":"locked","eId":"error-handling","uri":null,"name":"Error Handling","core":true},{"status":"locked","eId":"bank-account","uri":null,"name":"Bank Account","core":true},{"status":"completed","eId":"collatz-conjecture","uri":"/redacted/sol/-356010862820629322","name":"Collatz Conjecture","core":false},{"status":"completed","eId":"leap","uri":"/redacted/sol/8766926452319332846","name":"Leap","core":false},{"status":"completed","eId":"roman-numerals","uri":"/redacted/sol/-4687625317217716069","name":"Roman Numerals","core":false},{"status":"completed","eId":"diffie-hellman","uri":"/redacted/sol/2617181885139052346","name":"Diffie Hellman","core":false},{"status":"completed","eId":"proverb","uri":"/redacted/sol/-6704226832630028390","name":"Proverb","core":false},{"status":"in-progress","eId":"gigasecond","uri":"/redacted/sol/-6248870099791047387","name":"Gigasecond","core":false},{"status":"in-progress","eId":"bob","uri":"/redacted/sol/-5668990837006770775","name":"Bob","core":false},{"status":"in-progress","eId":"acronym","uri":"/redacted/sol/-2300401146460967306","name":"Acronym","core":false},{"status":"in-progress","eId":"scale-generator","uri":"/redacted/sol/6001046357227600080","name":"Scale Generator","core":false},{"status":"in-progress","eId":"list-ops","uri":"/redacted/sol/887451833272411006","name":"List Ops","core":false},{"status":"in-progress","eId":"darts","uri":"/redacted/sol/414341195392659179","name":"Darts","core":false},{"status":"in-progress","eId":"space-age","uri":"/redacted/sol/2491958017560743534","name":"Space Age","core":false},{"status":"in-progress","eId":"reverse-string","uri":"/redacted/sol/7422825459054858582","name":"Reverse String","core":false},{"status":"in-progress","eId":"accumulate","uri":"/redacted/sol/-5395520863597116543","name":"Accumulate","core":false},{"status":"approved","eId":"triangle","uri":"/redacted/sol/7968237325010130432","name":"Triangle","core":false},{"status":"in-progress","eId":"etl","uri":"/redacted/sol/-3080614583682918563","name":"ETL","core":false},{"status":"in-progress","eId":"sum-of-multiples","uri":"/redacted/sol/615187985801597217","name":"Sum Of Multiples","core":false},{"status":"mentoring-requested","eId":"pythagorean-triplet","uri":"/redacted/sol/-1092092490643048859","name":"Pythagorean Triplet","core":false},{"status":"in-progress","eId":"pangram","uri":"/redacted/sol/4299991415011583549","name":"Pangram","core":false},{"status":"in-progress","eId":"protein-translation","uri":"/redacted/sol/7352510193572304348","name":"Protein Translation","core":false},{"status":"in-progress","eId":"rna-transcription","uri":"/redacted/sol/3971160552787687326","name":"RNA Transcription","core":false},{"status":"in-progress","eId":"strain","uri":"/redacted/sol/7883722876893467358","name":"Strain","core":false},{"status":"in-progress","eId":"nucleotide-count","uri":"/redacted/sol/597883651506798892","name":"Nucleotide Count","core":false},{"status":"mentoring-requested","eId":"variable-length-quantity","uri":"/redacted/sol/-4190746498142369195","name":"Variable Length Quantity","core":false},{"status":"in-progress","eId":"run-length-encoding","uri":"/redacted/sol/-5314658461925162837","name":"Run Length Encoding","core":false},{"status":"unlocked","eId":"secret-handshake","uri":"/redacted/sol/-9013404826752294956","name":"Secret Handshake","core":false},{"status":"unlocked","eId":"series","uri":"/redacted/sol/-7511631562500408468","name":"Series","core":false},{"status":"unlocked","eId":"crypto-square","uri":"/redacted/sol/-8834818050510627241","name":"Crypto Square","core":false},{"status":"unlocked","eId":"largest-series-product","uri":"/redacted/sol/-628543177916230778","name":"Largest Series Product","core":false},{"status":"unlocked","eId":"sieve","uri":"/redacted/sol/167343991125220749","name":"Sieve","core":false},{"status":"unlocked","eId":"perfect-numbers","uri":"/redacted/sol/-3735648364693906040","name":"Perfect Numbers","core":false},{"status":"unlocked","eId":"matching-brackets","uri":"/redacted/sol/5962799855914454835","name":"Matching Brackets","core":false},{"status":"unlocked","eId":"anagram","uri":"/redacted/sol/-5753353365837716488","name":"Anagram","core":false},{"status":"unlocked","eId":"word-count","uri":"/redacted/sol/1121796572785728841","name":"Word Count","core":false},{"status":"unlocked","eId":"allergies","uri":"/redacted/sol/-3418449145282975490","name":"Allergies","core":false},{"status":"unlocked","eId":"atbash-cipher","uri":"/redacted/sol/7793474609742580745","name":"Atbash Cipher","core":false},{"status":"unlocked","eId":"phone-number","uri":"/redacted/sol/1350332592905502573","name":"Phone Number","core":false},{"status":"unlocked","eId":"pig-latin","uri":"/redacted/sol/7441806174459583959","name":"Pig Latin","core":false},{"status":"unlocked","eId":"prime-factors","uri":"/redacted/sol/-762940274803808474","name":"Prime Factors","core":false},{"status":"unlocked","eId":"armstrong-numbers","uri":"/redacted/sol/-7393693015956557648","name":"Armstrong Numbers","core":false},{"status":"unlocked","eId":"nth-prime","uri":"/redacted/sol/-5646145393516697559","name":"Nth Prime","core":false},{"status":"unlocked","eId":"meetup","uri":"/redacted/sol/-8635120205048883114","name":"Meetup","core":false},{"status":"unlocked","eId":"simple-cipher","uri":"/redacted/sol/5278573887790810790","name":"Simple Cipher","core":false},{"status":"unlocked","eId":"all-your-base","uri":"/redacted/sol/-4733134113233820438","name":"All Your Base","core":false},{"status":"unlocked","eId":"rotational-cipher","uri":"/redacted/sol/-2726140815876997666","name":"Rotational Cipher","core":false},{"status":"unlocked","eId":"isbn-verifier","uri":"/redacted/sol/7001196039241785767","name":"ISBN Verifier","core":false},{"status":"locked","eId":"sublist","uri":null,"name":"Sublist","core":false},{"status":"locked","eId":"flatten-array","uri":null,"name":"Flatten Array","core":false},{"status":"locked","eId":"paasio","uri":null,"name":"PaaS I/O","core":false},{"status":"locked","eId":"house","uri":null,"name":"House","core":false},{"status":"locked","eId":"pascals-triangle","uri":null,"name":"Pascal's Triangle","core":false},{"status":"locked","eId":"queen-attack","uri":null,"name":"Queen Attack","core":false},{"status":"locked","eId":"food-chain","uri":null,"name":"Food Chain","core":false},{"status":"locked","eId":"palindrome-products","uri":null,"name":"Palindrome Products","core":false},{"status":"locked","eId":"rail-fence-cipher","uri":null,"name":"Rail Fence Cipher","core":false},{"status":"locked","eId":"say","uri":null,"name":"Say","core":false},{"status":"locked","eId":"circular-buffer","uri":null,"name":"Circular Buffer","core":false},{"status":"locked","eId":"diamond","uri":null,"name":"Diamond","core":false},{"status":"locked","eId":"react","uri":null,"name":"React","core":false},{"status":"locked","eId":"custom-set","uri":null,"name":"Custom Set","core":false},{"status":"locked","eId":"transpose","uri":null,"name":"Transpose","core":false},{"status":"locked","eId":"beer-song","uri":null,"name":"Beer Song","core":false},{"status":"locked","eId":"ocr-numbers","uri":null,"name":"OCR Numbers","core":false},{"status":"locked","eId":"wordy","uri":null,"name":"Wordy","core":false},{"status":"locked","eId":"grade-school","uri":null,"name":"Grade School","core":false},{"status":"locked","eId":"saddle-points","uri":null,"name":"Saddle Points","core":false},{"status":"locked","eId":"simple-linked-list","uri":null,"name":"Simple Linked List","core":false},{"status":"locked","eId":"linked-list","uri":null,"name":"Linked List","core":false},{"status":"locked","eId":"binary-search","uri":null,"name":"Binary Search","core":false},{"status":"locked","eId":"binary-search-tree","uri":null,"name":"Binary Search Tree","core":false},{"status":"locked","eId":"kindergarten-garden","uri":null,"name":"Kindergarten Garden","core":false},{"status":"locked","eId":"pov","uri":null,"name":"POV","core":false},{"status":"locked","eId":"minesweeper","uri":null,"name":"Minesweeper","core":false},{"status":"locked","eId":"robot-simulator","uri":null,"name":"Robot Simulator","core":false},{"status":"locked","eId":"word-search","uri":null,"name":"Word Search","core":false},{"status":"locked","eId":"connect","uri":null,"name":"Connect","core":false},{"status":"locked","eId":"ledger","uri":null,"name":"Ledger","core":false},{"status":"locked","eId":"markdown","uri":null,"name":"Markdown","core":false},{"status":"locked","eId":"yacht","uri":null,"name":"Yacht","core":false},{"status":"locked","eId":"poker","uri":null,"name":"Poker","core":false},{"status":"locked","eId":"forth","uri":null,"name":"Forth","core":false},{"status":"locked","eId":"change","uri":null,"name":"Change","core":false},{"status":"locked","eId":"bowling","uri":null,"name":"Bowling","core":false},{"status":"locked","eId":"spiral-matrix","uri":null,"name":"Spiral Matrix","core":false},{"status":"locked","eId":"book-store","uri":null,"name":"Book Store","core":false},{"status":"locked","eId":"zebra-puzzle","uri":null,"name":"Zebra Puzzle","core":false},{"status":"locked","eId":"dominoes","uri":null,"name":"Dominoes","core":false},{"status":"locked","eId":"alphametics","uri":null,"name":"Alphametics","core":false},{"status":"locked","eId":"two-bucket","uri":null,"name":"Two Bucket","core":false},{"status":"locked","eId":"grep","uri":null,"name":"Grep","core":false},{"status":"locked","eId":"rectangles","uri":null,"name":"Rectangles","core":false}]