[{"status":"completed","eId":"hello-world","uri":"/redacted/sol/748588980549125197","name":"Hello World","core":true},{"status":"completed","eId":"reverse-string","uri":"/redacted/sol/-6668614317898864279","name":"Reverse String","core":true},{"status":"completed","eId":"gigasecond","uri":"/redacted/sol/3654937366127950794","name":"Gigasecond","core":true},{"status":"completed","eId":"clock","uri":"/redacted/sol/3079160918762578118","name":"Clock","core":true},{"status":"completed","eId":"anagram","uri":"/redacted/sol/-5379501037734381028","name":"Anagram","core":true},{"status":"completed","eId":"space-age","uri":"/redacted/sol/-2771035772457188768","name":"Space Age","core":true},{"status":"completed","eId":"sublist","uri":"/redacted/sol/-7773025537941648281","name":"Sublist","core":true},{"status":"completed","eId":"minesweeper","uri":"/redacted/sol/8473353130852131000","name":"Minesweeper","core":true},{"status":"completed","eId":"luhn","uri":"/redacted/sol/3416882073760551092","name":"Luhn","core":true},{"status":"completed","eId":"parallel-letter-frequency","uri":"/redacted/sol/8000475833077726057","name":"Parallel Letter Frequency","core":true},{"status":"completed","eId":"macros","uri":"/redacted/sol/-576001577977785100","name":"Macros","core":true},{"status":"completed","eId":"poker","uri":"/redacted/sol/958855151934262319","name":"Poker","core":true},{"status":"completed","eId":"forth","uri":"/redacted/sol/-7340193923905673241","name":"Forth","core":true},{"status":"completed","eId":"matching-brackets","uri":"/redacted/sol/-1457424502726404056","name":"Matching Brackets","core":false},{"status":"completed","eId":"pascals-triangle","uri":"/redacted/sol/72623236429529486","name":"Pascal's Triangle","core":false},{"status":"completed","eId":"allergies","uri":"/redacted/sol/-7537704645700062572","name":"Allergies","core":false},{"status":"completed","eId":"ocr-numbers","uri":"/redacted/sol/-7870464925516214321","name":"OCR Numbers","core":false},{"status":"in-progress","eId":"xorcism","uri":"/redacted/sol/6144857689386938586","name":"Xorcism","core":false},{"status":"mentoring-requested","eId":"nth-prime","uri":"/redacted/sol/3748022236447712183","name":"Nth Prime","core":false},{"status":"in-progress","eId":"dot-dsl","uri":"/redacted/sol/7832058593875316526","name":"DOT DSL","core":false},{"status":"in-progress","eId":"robot-simulator","uri":"/redacted/sol/-1915235557357569169","name":"Robot Simulator","core":false},{"status":"in-progress","eId":"queen-attack","uri":"/redacted/sol/8791181990333618320","name":"Queen Attack","core":false},{"status":"in-progress","eId":"alphametics","uri":"/redacted/sol/3515239425831187248","name":"Alphametics","core":false},{"status":"in-progress","eId":"two-bucket","uri":"/redacted/sol/2981802488014538980","name":"Two Bucket","core":false},{"status":"mentoring-requested","eId":"saddle-points","uri":"/redacted/sol/7763570769419389946","name":"Saddle Points","core":false},{"status":"mentoring-requested","eId":"rectangles","uri":"/redacted/sol/1504497193972148064","name":"Rectangles","core":false},{"status":"unlocked","eId":"leap","uri":"/redacted/sol/8424325000324751019","name":"Leap","core":false},{"status":"unlocked","eId":"raindrops","uri":"/redacted/sol/7595494349465616873","name":"Raindrops","core":false},{"status":"unlocked","eId":"beer-song","uri":"/redacted/sol/3396183774606826471","name":"Beer Song","core":false},{"status":"unlocked","eId":"proverb","uri":"/redacted/sol/-6542006694263531904","name":"Proverb","core":false},{"status":"unlocked","eId":"difference-of-squares","uri":"/redacted/sol/-8837553077385759526","name":"Difference Of Squares","core":false},{"status":"unlocked","eId":"sum-of-multiples","uri":"/redacted/sol/-8028508955904106271","name":"Sum Of Multiples","core":false},{"status":"unlocked","eId":"grains","uri":"/redacted/sol/-2228751678385906335","name":"Grains","core":false},{"status":"unlocked","eId":"prime-factors","uri":"/redacted/sol/-8722674184661185610","name":"Prime Factors","core":false},{"status":"unlocked","eId":"armstrong-numbers","uri":"/redacted/sol/7984887616791943934","name":"Armstrong Numbers","core":false},{"status":"unlocked","eId":"high-scores","uri":"/redacted/sol/1898537931333853459","name":"High Scores","core":false},{"status":"unlocked","eId":"bob","uri":"/redacted/sol/7966938847109291875","name":"Bob","core":false},{"status":"unlocked","eId":"simple-linked-list","uri":"/redacted/sol/1414516687388826034","name":"Simple Linked List","core":false},{"status":"unlocked","eId":"paasio","uri":"/redacted/sol/-8437285666520745424","name":"PaaS I/O","core":false},{"status":"unlocked","eId":"nucleotide-count","uri":"/redacted/sol/-3391348682372732080","name":"Nucleotide Count","core":false},{"status":"unlocked","eId":"etl","uri":"/redacted/sol/3023136633238292700","name":"ETL","core":false},{"status":"unlocked","eId":"acronym","uri":"/redacted/sol/8438781445892223658","name":"Acronym","core":false},{"status":"unlocked","eId":"sieve","uri":"/redacted/sol/-7885810412455047219","name":"Sieve","core":false},{"status":"unlocked","eId":"rna-transcription","uri":"/redacted/sol/-7277684873431184739","name":"RNA Transcription","core":false},{"status":"unlocked","eId":"triangle","uri":"/redacted/sol/-7407139978823035346","name":"Triangle","core":false},{"status":"unlocked","eId":"grade-school","uri":"/redacted/sol/7461394147065031849","name":"Grade School","core":false},{"status":"unlocked","eId":"binary-search","uri":"/redacted/sol/-2000241326337561009","name":"Binary Search","core":false},{"status":"unlocked","eId":"bowling","uri":"/redacted/sol/-8929012650256208695","name":"Bowling","core":false},{"status":"unlocked","eId":"tournament","uri":"/redacted/sol/1284333640058321702","name":"Tournament","core":false},{"status":"unlocked","eId":"spiral-matrix","uri":"/redacted/sol/-8672609601157724819","name":"Spiral Matrix","core":false},{"status":"unlocked","eId":"palindrome-products","uri":"/redacted/sol/2995271683891156278","name":"Palindrome Products","core":false},{"status":"unlocked","eId":"isogram","uri":"/redacted/sol/-6268038179459808329","name":"Isogram","core":false},{"status":"unlocked","eId":"say","uri":"/redacted/sol/-3256583979291955528","name":"Say","core":false},{"status":"unlocked","eId":"run-length-encoding","uri":"/redacted/sol/-1790124906590767990","name":"Run Length Encoding","core":false},{"status":"unlocked","eId":"isbn-verifier","uri":"/redacted/sol/-502286353656764623","name":"ISBN Verifier","core":false},{"status":"unlocked","eId":"perfect-numbers","uri":"/redacted/sol/6428168083641171975","name":"Perfect Numbers","core":false},{"status":"unlocked","eId":"hamming","uri":"/redacted/sol/5975976985955442047","name":"Hamming","core":false},{"status":"unlocked","eId":"scrabble-score","uri":"/redacted/sol/9178662274291601380","name":"Scrabble Score","core":false},{"status":"unlocked","eId":"pangram","uri":"/redacted/sol/8094951807363595530","name":"Pangram","core":false},{"status":"unlocked","eId":"all-your-base","uri":"/redacted/sol/2715975130068984072","name":"All Your Base","core":false},{"status":"unlocked","eId":"affine-cipher","uri":"/redacted/sol/-1058999951853848450","name":"Affine Cipher","core":false},{"status":"unlocked","eId":"variable-length-quantity","uri":"/redacted/sol/8448245594215185509","name":"Variable Length Quantity","core":false},{"status":"unlocked","eId":"pig-latin","uri":"/redacted/sol/5372707147667607447","name":"Pig Latin","core":false},{"status":"unlocked","eId":"atbash-cipher","uri":"/redacted/sol/5426711626985038313","name":"Atbash Cipher","core":false},{"status":"unlocked","eId":"crypto-square","uri":"/redacted/sol/-6173586216180134438","name":"Crypto Square","core":false},{"status":"unlocked","eId":"rotational-cipher","uri":"/redacted/sol/-354324925286658143","name":"Rotational Cipher","core":false},{"status":"unlocked","eId":"simple-cipher","uri":"/redacted/sol/-7819814880435132396","name":"Simple Cipher","core":false},{"status":"unlocked","eId":"rail-fence-cipher","uri":"/redacted/sol/5449978245271489766","name":"Rail Fence Cipher","core":false},{"status":"unlocked","eId":"protein-translation","uri":"/redacted/sol/-3628210182898791004","name":"Protein Translation","core":false},{"status":"unlocked","eId":"robot-name","uri":"/redacted/sol/4735900350087065145","name":"Robot Name","core":false},{"status":"unlocked","eId":"react","uri":"/redacted/sol/906084701156600099","name":"React","core":false},{"status":"unlocked","eId":"wordy","uri":"/redacted/sol/-3945957853701506830","name":"Wordy","core":false},{"status":"unlocked","eId":"custom-set","uri":"/redacted/sol/-993587619507136797","name":"Custom Set","core":false},{"status":"unlocked","eId":"circular-buffer","uri":"/redacted/sol/7239276740131586133","name":"Circular Buffer","core":false},{"status":"unlocked","eId":"luhn-from","uri":"/redacted/sol/4614125062490205642","name":"Luhn From","core":false},{"status":"unlocked","eId":"luhn-trait","uri":"/redacted/sol/-4943426750336414533","name":"Luhn Trait","core":false},{"status":"unlocked","eId":"largest-series-product","uri":"/redacted/sol/8166785507045473333","name":"Largest Series Product","core":false},{"status":"unlocked","eId":"word-count","uri":"/redacted/sol/-2358197433733717598","name":"Word Count","core":false},{"status":"unlocked","eId":"phone-number","uri":"/redacted/sol/629313516194150184","name":"Phone Number","core":false},{"status":"unlocked","eId":"diamond","uri":"/redacted/sol/3872761342792845217","name":"Diamond","core":false},{"status":"unlocked","eId":"accumulate","uri":"/redacted/sol/518007661694147210","name":"Accumulate","core":false},{"status":"unlocked","eId":"fizzy","uri":"/redacted/sol/-996207845112659839","name":"Fizzy","core":false},{"status":"unlocked","eId":"roman-numerals","uri":"/redacted/sol/967322429986307221","name":"Roman Numerals","core":false},{"status":"unlocked","eId":"pythagorean-triplet","uri":"/redacted/sol/464691375051541768","name":"Pythagorean Triplet","core":false},{"status":"unlocked","eId":"series","uri":"/redacted/sol/6461972037576529535","name":"Series","core":false},{"status":"unlocked","eId":"collatz-conjecture","uri":"/redacted/sol/-3918256498043823355","name":"Collatz Conjecture","core":false},{"status":"unlocked","eId":"diffie-hellman","uri":"/redacted/sol/5110243793101907516","name":"Diffie Hellman","core":false},{"status":"unlocked","eId":"grep","uri":"/redacted/sol/2568306914236644995","name":"Grep","core":false},{"status":"unlocked","eId":"scale-generator","uri":"/redacted/sol/7553447108946324349","name":"Scale Generator","core":false},{"status":"unlocked","eId":"decimal","uri":"/redacted/sol/-1406152695912490026","name":"Decimal","core":false},{"status":"unlocked","eId":"book-store","uri":"/redacted/sol/-565020667638802938","name":"Book Store","core":false},{"status":"unlocked","eId":"dominoes","uri":"/redacted/sol/7199319657884229407","name":"Dominoes","core":false},{"status":"unlocked","eId":"doubly-linked-list","uri":"/redacted/sol/-3739644231736433299","name":"Doubly Linked List","core":false}]