[{"status":"completed","eId":"hello-world","uri":"/redacted/sol/-8980149505656055245","name":"Hello World","core":false},{"status":"unlocked","eId":"leap","uri":"/redacted/sol/-2381080461187995773","name":"Leap","core":false},{"status":"unlocked","eId":"rna-transcription","uri":"/redacted/sol/-7528784655180692878","name":"RNA Transcription","core":false},{"status":"unlocked","eId":"hamming","uri":"/my/solutions?exercise_id=hamming&track_id=scheme","name":"Hamming","core":false},{"status":"unlocked","eId":"grains","uri":"/my/solutions?exercise_id=grains&track_id=scheme","name":"Grains","core":false},{"status":"completed","eId":"anagram","uri":"/redacted/sol/4759569778912017692","name":"Anagram","core":false},{"status":"unlocked","eId":"difference-of-squares","uri":"/my/solutions?exercise_id=difference-of-squares&track_id=scheme","name":"Difference Of Squares","core":false},{"status":"completed","eId":"pascals-triangle","uri":"/redacted/sol/-2458331838339177822","name":"Pascal's Triangle","core":false},{"status":"completed","eId":"knapsack","uri":"/redacted/sol/6960679546234943748","name":"Knapsack","core":false},{"status":"completed","eId":"bob","uri":"/redacted/sol/-246394454192943089","name":"Bob","core":false},{"status":"completed","eId":"raindrops","uri":"/redacted/sol/-8676831770622534257","name":"Raindrops","core":false},{"status":"completed","eId":"phone-number","uri":"/redacted/sol/3151286811706896510","name":"Phone Number","core":false},{"status":"unlocked","eId":"nucleotide-count","uri":"/my/solutions?exercise_id=nucleotide-count&track_id=scheme","name":"Nucleotide Count","core":false},{"status":"unlocked","eId":"scrabble-score","uri":"/my/solutions?exercise_id=scrabble-score&track_id=scheme","name":"Scrabble Score","core":false},{"status":"completed","eId":"word-count","uri":"/redacted/sol/-6096415081345269972","name":"Word Count","core":false},{"status":"unlocked","eId":"two-fer","uri":"/redacted/sol/-897598975726666977","name":"Two Fer","core":false},{"status":"completed","eId":"sieve","uri":"/redacted/sol/-8538125830984208045","name":"Sieve","core":false},{"status":"completed","eId":"prime-factors","uri":"/redacted/sol/-7686864438448020103","name":"Prime Factors","core":false},{"status":"completed","eId":"change","uri":"/redacted/sol/3649768196071530174","name":"Change","core":false},{"status":"completed","eId":"atbash-cipher","uri":"/redacted/sol/2975545709186981965","name":"Atbash Cipher","core":false},{"status":"completed","eId":"affine-cipher","uri":"/redacted/sol/1339126482387431472","name":"Affine Cipher","core":false},{"status":"completed","eId":"transpose","uri":"/redacted/sol/-8501932285420942377","name":"Transpose","core":false},{"status":"unlocked","eId":"rotational-cipher","uri":"/my/solutions?exercise_id=rotational-cipher&track_id=scheme","name":"Rotational Cipher","core":false},{"status":"completed","eId":"perfect-numbers","uri":"/redacted/sol/6611245952036839135","name":"Perfect Numbers","core":false},{"status":"unlocked","eId":"binary-search","uri":"/redacted/sol/6404016568599165332","name":"Binary Search","core":false},{"status":"unlocked","eId":"pangram","uri":"/my/solutions?exercise_id=pangram&track_id=scheme","name":"Pangram","core":false},{"status":"completed","eId":"matching-brackets","uri":"/redacted/sol/-766302244321060959","name":"Matching Brackets","core":false},{"status":"unlocked","eId":"queen-attack","uri":"/my/solutions?exercise_id=queen-attack&track_id=scheme","name":"Queen Attack","core":false},{"status":"completed","eId":"forth","uri":"/redacted/sol/8884581229255508329","name":"Forth","core":false},{"status":"unlocked","eId":"collatz-conjecture","uri":"/redacted/sol/2821613815020248318","name":"Collatz Conjecture","core":false},{"status":"unlocked","eId":"accumulate","uri":"/redacted/sol/5558382106951139983","name":"Accumulate","core":false},{"status":"unlocked","eId":"armstrong-numbers","uri":"/my/solutions?exercise_id=armstrong-numbers&track_id=scheme","name":"Armstrong Numbers","core":false},{"status":"unlocked","eId":"acronym","uri":"/my/solutions?exercise_id=acronym&track_id=scheme","name":"Acronym","core":false},{"status":"unlocked","eId":"triangle","uri":"/my/solutions?exercise_id=triangle&track_id=scheme","name":"Triangle","core":false},{"status":"unlocked","eId":"sum-of-multiples","uri":"/my/solutions?exercise_id=sum-of-multiples&track_id=scheme","name":"Sum Of Multiples","core":false},{"status":"unlocked","eId":"strain","uri":"/redacted/sol/-2814801414673016978","name":"Strain","core":false},{"status":"unlocked","eId":"trinary","uri":"/redacted/sol/423779593087086187","name":"Trinary","core":false},{"status":"unlocked","eId":"roman-numerals","uri":"/my/solutions?exercise_id=roman-numerals&track_id=scheme","name":"Roman Numerals","core":false},{"status":"unlocked","eId":"octal","uri":"/redacted/sol/2473618470383807105","name":"Octal","core":false}]