[{"status":"completed","eId":"hello-world","uri":"/redacted/sol/-951749880161385735","name":"Hello World","core":true},{"status":"completed","eId":"leap","uri":"/redacted/sol/2648210998441805780","name":"Leap","core":true},{"status":"completed","eId":"space-age","uri":"/redacted/sol/-4345397871384988401","name":"Space Age","core":true},{"status":"completed","eId":"pangram","uri":"/redacted/sol/4699084046187134809","name":"Pangram","core":true},{"status":"completed","eId":"bob","uri":"/redacted/sol/3402161023057102761","name":"Bob","core":true},{"status":"completed","eId":"collatz-conjecture","uri":"/redacted/sol/-1534857797431010817","name":"Collatz Conjecture","core":true},{"status":"completed","eId":"rna-transcription","uri":"/redacted/sol/-8665286136941615867","name":"RNA Transcription","core":true},{"status":"completed","eId":"nucleotide-count","uri":"/redacted/sol/-411312144392414616","name":"Nucleotide Count","core":true},{"status":"completed","eId":"sum-of-multiples","uri":"/redacted/sol/3950940403450907117","name":"Sum Of Multiples","core":true},{"status":"completed","eId":"grains","uri":"/redacted/sol/7872373017824946572","name":"Grains","core":true},{"status":"completed","eId":"grade-school","uri":"/redacted/sol/-1310660358822944614","name":"Grade School","core":false},{"status":"completed","eId":"difference-of-squares","uri":"/redacted/sol/-1790839201836005736","name":"Difference Of Squares","core":false},{"status":"completed","eId":"hamming","uri":"/redacted/sol/-1216710694932995989","name":"Hamming","core":false},{"status":"completed","eId":"etl","uri":"/redacted/sol/395428705007782131","name":"ETL","core":false},{"status":"completed","eId":"raindrops","uri":"/redacted/sol/7287334565074954978","name":"Raindrops","core":false},{"status":"completed","eId":"resistor-color-duo","uri":"/redacted/sol/2590744378508780690","name":"Resistor Color Duo","core":false},{"status":"completed","eId":"accumulate","uri":"/redacted/sol/237705870131230276","name":"Accumulate","core":false},{"status":"completed","eId":"strain","uri":"/redacted/sol/-3178977481031174225","name":"Strain","core":false},{"status":"completed","eId":"phone-number","uri":"/redacted/sol/2335368238076138347","name":"Phone Number","core":false},{"status":"completed","eId":"beer-song","uri":"/redacted/sol/-4084484103374646453","name":"Beer Song","core":false},{"status":"completed","eId":"scrabble-score","uri":"/redacted/sol/198716684216481734","name":"Scrabble Score","core":false},{"status":"completed","eId":"kindergarten-garden","uri":"/redacted/sol/6101757119021475767","name":"Kindergarten Garden","core":false},{"status":"completed","eId":"robot-simulator","uri":"/redacted/sol/5828847729565703434","name":"Robot Simulator","core":false},{"status":"completed","eId":"secret-handshake","uri":"/redacted/sol/4005394849303070526","name":"Secret Handshake","core":false},{"status":"completed","eId":"anagram","uri":"/redacted/sol/-1453751864985998786","name":"Anagram","core":false},{"status":"completed","eId":"simple-linked-list","uri":"/redacted/sol/-9123173195797440500","name":"Simple Linked List","core":false},{"status":"completed","eId":"list-ops","uri":"/redacted/sol/2218670437345542599","name":"List Ops","core":false},{"status":"completed","eId":"meetup","uri":"/redacted/sol/-6285357609920813383","name":"Meetup","core":false},{"status":"completed","eId":"roman-numerals","uri":"/redacted/sol/641846907561452648","name":"Roman Numerals","core":false},{"status":"completed","eId":"prime-factors","uri":"/redacted/sol/2555304747134649265","name":"Prime Factors","core":false},{"status":"completed","eId":"allergies","uri":"/redacted/sol/3087873928133328831","name":"Allergies","core":false},{"status":"completed","eId":"largest-series-product","uri":"/redacted/sol/1128520267835572603","name":"Largest Series Product","core":false},{"status":"completed","eId":"clock","uri":"/redacted/sol/512024000484480463","name":"Clock","core":false},{"status":"completed","eId":"matrix","uri":"/redacted/sol/-377861673157125283","name":"Matrix","core":false},{"status":"completed","eId":"house","uri":"/redacted/sol/7636178840057228640","name":"House","core":false},{"status":"completed","eId":"pascals-triangle","uri":"/redacted/sol/-4047340787420038198","name":"Pascal's Triangle","core":false},{"status":"completed","eId":"pythagorean-triplet","uri":"/redacted/sol/-6406318684697672441","name":"Pythagorean Triplet","core":false},{"status":"completed","eId":"saddle-points","uri":"/redacted/sol/-1769296413543147810","name":"Saddle Points","core":false},{"status":"completed","eId":"series","uri":"/redacted/sol/3762247350092586205","name":"Series","core":false},{"status":"completed","eId":"sieve","uri":"/redacted/sol/-4354715819542425380","name":"Sieve","core":false},{"status":"completed","eId":"atbash-cipher","uri":"/redacted/sol/6452615333500957122","name":"Atbash Cipher","core":false},{"status":"completed","eId":"crypto-square","uri":"/redacted/sol/5413013464081364250","name":"Crypto Square","core":false},{"status":"completed","eId":"nth-prime","uri":"/redacted/sol/3760735026971897477","name":"Nth Prime","core":false},{"status":"completed","eId":"word-count","uri":"/redacted/sol/-2036886186925742915","name":"Word Count","core":false},{"status":"completed","eId":"binary-search-tree","uri":"/redacted/sol/229154021146447946","name":"Binary Search Tree","core":false},{"status":"completed","eId":"queen-attack","uri":"/redacted/sol/4582485197286908312","name":"Queen Attack","core":false},{"status":"completed","eId":"ocr-numbers","uri":"/redacted/sol/-7586858077177359431","name":"OCR Numbers","core":false},{"status":"completed","eId":"food-chain","uri":"/redacted/sol/-1720577586480640108","name":"Food Chain","core":false},{"status":"completed","eId":"parallel-letter-frequency","uri":"/redacted/sol/105275055104261455","name":"Parallel Letter Frequency","core":false},{"status":"completed","eId":"simple-cipher","uri":"/redacted/sol/-4029870328283352504","name":"Simple Cipher","core":false},{"status":"completed","eId":"palindrome-products","uri":"/redacted/sol/4105300697483896652","name":"Palindrome Products","core":false},{"status":"completed","eId":"pig-latin","uri":"/redacted/sol/-4559638416724588216","name":"Pig Latin","core":false},{"status":"completed","eId":"say","uri":"/redacted/sol/4597942478015381915","name":"Say","core":false},{"status":"completed","eId":"bank-account","uri":"/redacted/sol/7407560017885461255","name":"Bank Account","core":false},{"status":"completed","eId":"sublist","uri":"/redacted/sol/8398401559852446798","name":"Sublist","core":false},{"status":"completed","eId":"linked-list","uri":"/redacted/sol/-7530260707224185818","name":"Linked List","core":false},{"status":"completed","eId":"minesweeper","uri":"/redacted/sol/3176100835521392369","name":"Minesweeper","core":false},{"status":"completed","eId":"wordy","uri":"/redacted/sol/612191393889594095","name":"Wordy","core":false},{"status":"completed","eId":"connect","uri":"/redacted/sol/-2966937724392563421","name":"Connect","core":false},{"status":"completed","eId":"sgf-parsing","uri":"/redacted/sol/-2004849086470196407","name":"SGF Parsing","core":false},{"status":"completed","eId":"go-counting","uri":"/redacted/sol/3453351140408096097","name":"Go Counting","core":false},{"status":"completed","eId":"lens-person","uri":"/redacted/sol/-8760837033663791832","name":"Lens Person","core":false},{"status":"completed","eId":"zipper","uri":"/redacted/sol/8392523268933129536","name":"Zipper","core":false},{"status":"completed","eId":"forth","uri":"/redacted/sol/-7245660827819971384","name":"Forth","core":false},{"status":"completed","eId":"pov","uri":"/redacted/sol/6686095634785989011","name":"POV","core":false},{"status":"in-progress","eId":"isogram","uri":"/redacted/sol/1568686814978288820","name":"Isogram","core":false},{"status":"in-progress","eId":"diamond","uri":"/redacted/sol/-2980008867537417967","name":"Diamond","core":false},{"status":"in-progress","eId":"armstrong-numbers","uri":"/redacted/sol/-6886470579847689967","name":"Armstrong Numbers","core":false},{"status":"in-progress","eId":"acronym","uri":"/redacted/sol/7718761653409993256","name":"Acronym","core":false},{"status":"in-progress","eId":"perfect-numbers","uri":"/redacted/sol/2009978264577568495","name":"Perfect Numbers","core":false},{"status":"in-progress","eId":"resistor-color-trio","uri":"/redacted/sol/-7420542083404027466","name":"Resistor Color Trio","core":false},{"status":"in-progress","eId":"twelve-days","uri":"/redacted/sol/-2230623317294493843","name":"Twelve Days","core":false},{"status":"in-progress","eId":"isbn-verifier","uri":"/redacted/sol/6067603152769899437","name":"ISBN Verifier","core":false},{"status":"in-progress","eId":"yacht","uri":"/redacted/sol/6215313755396345844","name":"Yacht","core":false},{"status":"in-progress","eId":"run-length-encoding","uri":"/redacted/sol/-8572060299380008389","name":"Run Length Encoding","core":false},{"status":"mentoring-requested","eId":"triangle","uri":"/redacted/sol/-8350871771509760317","name":"Triangle","core":false},{"status":"in-progress","eId":"complex-numbers","uri":"/redacted/sol/-7393811418637475481","name":"Complex Numbers","core":false},{"status":"in-progress","eId":"protein-translation","uri":"/redacted/sol/-8793675168876292309","name":"Protein Translation","core":false},{"status":"in-progress","eId":"dnd-character","uri":"/redacted/sol/1261204889443596558","name":"D&D Character","core":false},{"status":"in-progress","eId":"all-your-base","uri":"/redacted/sol/6230065276837539003","name":"All Your Base","core":false},{"status":"in-progress","eId":"proverb","uri":"/redacted/sol/8008891732263790329","name":"Proverb","core":false},{"status":"in-progress","eId":"binary-search","uri":"/redacted/sol/-318670367366800305","name":"Binary Search","core":false},{"status":"in-progress","eId":"matching-brackets","uri":"/redacted/sol/-699236584232897516","name":"Matching Brackets","core":false},{"status":"mentoring-requested","eId":"luhn","uri":"/redacted/sol/8723284113684777142","name":"Luhn","core":false},{"status":"in-progress","eId":"rotational-cipher","uri":"/redacted/sol/-405100630914644643","name":"Rotational Cipher","core":false},{"status":"in-progress","eId":"spiral-matrix","uri":"/redacted/sol/2008359211124655828","name":"Spiral Matrix","core":false},{"status":"in-progress","eId":"custom-set","uri":"/redacted/sol/5523968588895277895","name":"Custom Set","core":false},{"status":"in-progress","eId":"transpose","uri":"/redacted/sol/1941621908025822832","name":"Transpose","core":false},{"status":"mentoring-requested","eId":"robot-name","uri":"/redacted/sol/5796693713590071322","name":"Robot Name","core":false},{"status":"in-progress","eId":"rail-fence-cipher","uri":"/redacted/sol/-5322110454074709222","name":"Rail Fence Cipher","core":false},{"status":"in-progress","eId":"zebra-puzzle","uri":"/redacted/sol/-4784511197465328440","name":"Zebra Puzzle","core":false},{"status":"in-progress","eId":"change","uri":"/redacted/sol/-8653555858387055754","name":"Change","core":false},{"status":"in-progress","eId":"alphametics","uri":"/redacted/sol/8009184261217029553","name":"Alphametics","core":false},{"status":"in-progress","eId":"bowling","uri":"/redacted/sol/-1420259843996556004","name":"Bowling","core":false},{"status":"in-progress","eId":"poker","uri":"/redacted/sol/-983019647338522701","name":"Poker","core":false},{"status":"in-progress","eId":"dominoes","uri":"/redacted/sol/-5122910190816021719","name":"Dominoes","core":false}]