[["Go","/my/tracks/go"],["Haskell","/my/tracks/haskell"],["Kotlin","/my/tracks/kotlin"],["Rust","/my/tracks/rust"],["Scheme","/my/tracks/scheme"]]